node.exe : C:\Users\DELL\AppData\Local\npm-cache\_npx\1bf7c3c15bf47d04\node_modules\ts-node\src\index.ts:859
At line:1 char:1
+ & "C:\Program Files\nodejs/node.exe" "C:\Users\DELL\AppData\Roaming\n ...
+ ~~~~~~~~~~~~~~~~~~~~~~~~~~~~~~~~~~~~~~~~~~~~~~~~~~~~~~~~~~~~~~~~~~~~~
    + CategoryInfo          : NotSpecified: (C:\Users\DELL\A...rc\index.ts:859:String) [], RemoteException
    + FullyQualifiedErrorId : NativeCommandError
 
    return new TSError(diagnosticText, diagnosticCodes, diagnostics);
           ^
TSError: Γ¿» Unable to compile TypeScript:
src/models/userModels.ts(25,12): error TS2349: This expression is not callable.
  Type 'SaveOptions' has no call signatures.
src/models/userModels.ts(31,5): error TS2349: This expression is not callable.
  Type 'SaveOptions' has no call signatures.
src/models/userModels.ts(33,5): error TS2349: This expression is not callable.
  Type 'SaveOptions' has no call signatures.

    at createTSError 
(C:\Users\DELL\AppData\Local\npm-cache\_npx\1bf7c3c15bf47d04\node_modules\ts-node\src\index.ts:859:12)
    at reportTSError 
(C:\Users\DELL\AppData\Local\npm-cache\_npx\1bf7c3c15bf47d04\node_modules\ts-node\src\index.ts:863:19)
    at getOutput 
(C:\Users\DELL\AppData\Local\npm-cache\_npx\1bf7c3c15bf47d04\node_modules\ts-node\src\index.ts:1077:36)
    at Object.compile 
(C:\Users\DELL\AppData\Local\npm-cache\_npx\1bf7c3c15bf47d04\node_modules\ts-node\src\index.ts:1433:41)
    at Module.m._compile 
(C:\Users\DELL\AppData\Local\npm-cache\_npx\1bf7c3c15bf47d04\node_modules\ts-node\src\index.ts:1617:30)
    at node:internal/modules/cjs/loader:1936:10
    at Object.require.extensions.<computed> [as .ts] 
(C:\Users\DELL\AppData\Local\npm-cache\_npx\1bf7c3c15bf47d04\node_modules\ts-node\src\index.ts:1621:12)
    at Module.load (node:internal/modules/cjs/loader:1525:32)
    at Module._load (node:internal/modules/cjs/loader:1327:12)
    at TracingChannel.traceSync (node:diagnostics_channel:328:14) {
  diagnosticCodes: [ 2349, 2349, 2349 ]
}
